============================= test session starts =============================
platform win32 -- Python 3.13.6, pytest-9.0.2, pluggy-1.6.0 -- C:\Users\Arun\Desktop\Text-to-speech-app\.venv\Scripts\python.exe
cachedir: .pytest_cache
rootdir: C:\Users\Arun\Desktop\Text-to-speech-app\backend
plugins: anyio-4.12.1
collecting ... collected 5 items

tests/test_auth.py::test_signup_success PASSED                           [ 20%]
tests/test_auth.py::test_signup_duplicate_email PASSED                   [ 40%]
tests/test_auth.py::test_login_success PASSED                            [ 60%]
tests/test_auth.py::test_login_wrong_password PASSED                     [ 80%]
tests/test_auth.py::test_login_non_existent_email PASSED                 [100%]

============================== warnings summary ===============================
schemas.py:9
  C:\Users\Arun\Desktop\Text-to-speech-app\backend\schemas.py:9: PydanticDeprecatedSince20: Pydantic V1 style `@validator` validators are deprecated. You should migrate to Pydantic V2 style `@field_validator` validators, see the migration guide for more details. Deprecated in Pydantic V2.0 to be removed in V3.0. See Pydantic V2 Migration Guide at https://errors.pydantic.dev/2.12/migration/
    @validator('email')

schemas.py:17
  C:\Users\Arun\Desktop\Text-to-speech-app\backend\schemas.py:17: PydanticDeprecatedSince20: Pydantic V1 style `@validator` validators are deprecated. You should migrate to Pydantic V2 style `@field_validator` validators, see the migration guide for more details. Deprecated in Pydantic V2.0 to be removed in V3.0. See Pydantic V2 Migration Guide at https://errors.pydantic.dev/2.12/migration/
    @validator('password')

schemas.py:27
  C:\Users\Arun\Desktop\Text-to-speech-app\backend\schemas.py:27: PydanticDeprecatedSince20: Support for class-based `config` is deprecated, use ConfigDict instead. Deprecated in Pydantic V2.0 to be removed in V3.0. See Pydantic V2 Migration Guide at https://errors.pydantic.dev/2.12/migration/
    class UserOut(BaseModel):

schemas.py:51
  C:\Users\Arun\Desktop\Text-to-speech-app\backend\schemas.py:51: PydanticDeprecatedSince20: Support for class-based `config` is deprecated, use ConfigDict instead. Deprecated in Pydantic V2.0 to be removed in V3.0. See Pydantic V2 Migration Guide at https://errors.pydantic.dev/2.12/migration/
    class ConversionOut(BaseModel):

schemas.py:68
  C:\Users\Arun\Desktop\Text-to-speech-app\backend\schemas.py:68: PydanticDeprecatedSince20: Pydantic V1 style `@validator` validators are deprecated. You should migrate to Pydantic V2 style `@field_validator` validators, see the migration guide for more details. Deprecated in Pydantic V2.0 to be removed in V3.0. See Pydantic V2 Migration Guide at https://errors.pydantic.dev/2.12/migration/
    @validator('new_password')

tests/test_auth.py::test_signup_success
tests/test_auth.py::test_signup_duplicate_email
tests/test_auth.py::test_login_success
tests/test_auth.py::test_login_wrong_password
  C:\Users\Arun\Desktop\Text-to-speech-app\.venv\Lib\site-packages\sqlalchemy\sql\schema.py:3624: DeprecationWarning: datetime.datetime.utcnow() is deprecated and scheduled for removal in a future version. Use timezone-aware objects to represent datetimes in UTC: datetime.datetime.now(datetime.UTC).
    return util.wrap_callable(lambda ctx: fn(), fn)  # type: ignore

tests/test_auth.py::test_signup_success
tests/test_auth.py::test_signup_duplicate_email
tests/test_auth.py::test_login_success
tests/test_auth.py::test_login_wrong_password
  C:\Users\Arun\Desktop\Text-to-speech-app\backend\main.py:173: DeprecationWarning: datetime.datetime.utcnow() is deprecated and scheduled for removal in a future version. Use timezone-aware objects to represent datetimes in UTC: datetime.datetime.now(datetime.UTC).
    timestamp=datetime.utcnow()

tests/test_auth.py::test_login_success
  C:\Users\Arun\Desktop\Text-to-speech-app\backend\auth.py:87: DeprecationWarning: datetime.datetime.utcnow() is deprecated and scheduled for removal in a future version. Use timezone-aware objects to represent datetimes in UTC: datetime.datetime.now(datetime.UTC).
    expire = datetime.utcnow() + timedelta(minutes=ACCESS_TOKEN_EXPIRE_MINUTES)

-- Docs: https://docs.pytest.org/en/stable/how-to/capture-warnings.html
======================= 5 passed, 14 warnings in 14.21s =======================
